[1m[33mPrebundling has been configured but will not be used because scripts optimization is enabled.[39m[22m
[1m[33mComponent HMR has been enabled, see https://angular.dev/hmr for more info.[39m[22m
[1m[31m[31mX [41;31m[[41;97mERROR[41;31m][0m [1mNG9: Property 'surfaceActionLabel' does not exist on type 'ImageCropFieldComponent'.[0m [1m[35m[plugin angular-compiler][0m

    src/app/shared/components/image-crop-field/image-crop-field.component.ts:28:17:
[37m      28 │         [title]="[32msurfaceActionLabel[37m"
         ╵                  [32m~~~~~~~~~~~~~~~~~~[0m


[31mX [41;31m[[41;97mERROR[41;31m][0m [1mNG9: Property 'surfaceActionLabel' does not exist on type 'ImageCropFieldComponent'.[0m [1m[35m[plugin angular-compiler][0m

    src/app/shared/components/image-crop-field/image-crop-field.component.ts:29:27:
[37m      29 │         [attr.aria-label]="[32msurfaceActionLabel[37m"
         ╵                            [32m~~~~~~~~~~~~~~~~~~[0m


[31mX [41;31m[[41;97mERROR[41;31m][0m [1mNG9: Property 'removeImage' does not exist on type 'ImageCropFieldComponent'.[0m [1m[35m[plugin angular-compiler][0m

    src/app/shared/components/image-crop-field/image-crop-field.component.ts:85:27:
[37m      85 │                   (click)="[32mremoveImage[37m()"
         ╵                            [32m~~~~~~~~~~~[0m

[39m[22m
[1m[31m[31mX [41;31m[[41;97mERROR[41;31m][0m [1mNG9: Property 'surfaceActionLabel' does not exist on type 'ImageCropFieldComponent'.[0m [1m[35m[plugin angular-compiler][0m

    src/app/shared/components/image-crop-field/image-crop-field.component.ts:28:17:
[37m      28 │         [title]="[32msurfaceActionLabel[37m"
         ╵                  [32m~~~~~~~~~~~~~~~~~~[0m


[31mX [41;31m[[41;97mERROR[41;31m][0m [1mNG9: Property 'surfaceActionLabel' does not exist on type 'ImageCropFieldComponent'.[0m [1m[35m[plugin angular-compiler][0m

    src/app/shared/components/image-crop-field/image-crop-field.component.ts:29:27:
[37m      29 │         [attr.aria-label]="[32msurfaceActionLabel[37m"
         ╵                            [32m~~~~~~~~~~~~~~~~~~[0m


[31mX [41;31m[[41;97mERROR[41;31m][0m [1mNG9: Property 'removeImage' does not exist on type 'ImageCropFieldComponent'.[0m [1m[35m[plugin angular-compiler][0m

    src/app/shared/components/image-crop-field/image-crop-field.component.ts:85:27:
[37m      85 │                   (click)="[32mremoveImage[37m()"
         ╵                            [32m~~~~~~~~~~~[0m

[39m[22m
