
> angular-integration-workbench@0.0.0 start
> ng serve --port 4202

[33m>[39m Building...
[32m√[39m Building...
[1mInitial chunk files[22m[2m | [22m[1mNames[22m                              [2m | [22m [1mRaw size[22m[2m | [22m[1mEstimated transfer size[22m
[32mchunk-OYHUSYZI.js[39m  [2m | [22m[2m-[22m                                  [2m | [22m[36m144.70 kB[39m[2m | [22m               [36m42.26 kB[39m
[32mchunk-67XBJ7W7.js[39m  [2m | [22m[2m-[22m                                  [2m | [22m [36m98.78 kB[39m[2m | [22m               [36m25.19 kB[39m
[32mchunk-EFWPLIPL.js[39m  [2m | [22m[2m-[22m                                  [2m | [22m [36m47.90 kB[39m[2m | [22m               [36m12.98 kB[39m
[32mpolyfills.js[39m       [2m | [22m[2mpolyfills[22m                          [2m | [22m [36m34.58 kB[39m[2m | [22m               [36m11.32 kB[39m
[32mmain.js[39m            [2m | [22m[2mmain[22m                               [2m | [22m  [36m2.73 kB[39m[2m | [22m                [36m1.02 kB[39m
[32mstyles.css[39m         [2m | [22m[2mstyles[22m                             [2m | [22m[36m118 bytes[39m[2m | [22m              [36m118 bytes[39m

[1m [22m                  [2m | [22m[1mInitial total[22m                      [2m | [22m[1m328.81 kB[22m[2m | [22m               [1m92.90 kB[22m

[1mLazy chunk files[22m   [2m | [22m[1mNames[22m                              [2m | [22m [1mRaw size[22m[2m | [22m[1mEstimated transfer size[22m
[32mchunk-RRMHASJR.js[39m  [2m | [22m[2mform-foundation-demo-page-component[22m[2m | [22m[36m117.68 kB[39m[2m | [22m               [36m21.16 kB[39m
[32mchunk-Z5K4ZV5D.js[39m  [2m | [22m[2m-[22m                                  [2m | [22m [36m55.08 kB[39m[2m | [22m               [36m10.28 kB[39m
[32mchunk-SPTWFDWG.js[39m  [2m | [22m[2mrecord-list-page-component[22m         [2m | [22m [36m21.26 kB[39m[2m | [22m                [36m5.04 kB[39m
[32mchunk-EHP2RDKE.js[39m  [2m | [22m[2mrecord-detail-page-component[22m       [2m | [22m  [36m5.89 kB[39m[2m | [22m                [36m1.86 kB[39m
[32mchunk-NYWI5L2O.js[39m  [2m | [22m[2m-[22m                                  [2m | [22m[36m760 bytes[39m[2m | [22m              [36m760 bytes[39m
[32mchunk-LAHPOJCS.js[39m  [2m | [22m[2mdashboard-page-component[22m           [2m | [22m[36m432 bytes[39m[2m | [22m              [36m432 bytes[39m
[32mchunk-SW4NJK3W.js[39m  [2m | [22m[2mrecord-diff-page-component[22m         [2m | [22m[36m430 bytes[39m[2m | [22m              [36m430 bytes[39m

Application bundle generation complete. [13.616 seconds]

Watch mode enabled. Watching for file changes...
NOTE: Raw file sizes do not reflect development server per-request transformations.
  [32m➜[39m  [1mLocal[22m:   [36mhttp://localhost:[1m4202[22m/[39m
[33m>[39m Changes detected. Rebuilding...
[32m√[39m Changes detected. Rebuilding...
[1mInitial chunk files[22m[2m | [22m[1mNames[22m                              [2m | [22m [1mRaw size[22m[2m | [22m[1mEstimated transfer size[22m
[32mmain.js[39m            [2m | [22m[2mmain[22m                               [2m | [22m  [36m2.73 kB[39m[2m | [22m                [36m1.02 kB[39m

[1mLazy chunk files[22m   [2m | [22m[1mNames[22m                              [2m | [22m [1mRaw size[22m[2m | [22m[1mEstimated transfer size[22m
[32mchunk-YUH76CIE.js[39m  [2m | [22m[2mform-foundation-demo-page-component[22m[2m | [22m[36m117.73 kB[39m[2m | [22m               [36m21.19 kB[39m

Application bundle generation complete. [2.246 seconds]

Component update sent to client(s).
[33m>[39m Changes detected. Rebuilding...
[32m√[39m Changes detected. Rebuilding...
[1mInitial chunk files[22m[2m | [22m[1mNames[22m                              [2m | [22m [1mRaw size[22m[2m | [22m[1mEstimated transfer size[22m
[32mmain.js[39m            [2m | [22m[2mmain[22m                               [2m | [22m  [36m2.73 kB[39m[2m | [22m                [36m1.02 kB[39m

[1mLazy chunk files[22m   [2m | [22m[1mNames[22m                              [2m | [22m [1mRaw size[22m[2m | [22m[1mEstimated transfer size[22m
[32mchunk-S5O2DUNH.js[39m  [2m | [22m[2mform-foundation-demo-page-component[22m[2m | [22m[36m119.11 kB[39m[2m | [22m               [36m21.48 kB[39m

Application bundle generation complete. [1.227 seconds]

Page reload sent to client(s).
[33m>[39m Changes detected. Rebuilding...
[32m√[39m Changes detected. Rebuilding...
[1mInitial chunk files[22m[2m | [22m[1mNames[22m                              [2m | [22m [1mRaw size[22m[2m | [22m[1mEstimated transfer size[22m
[32mchunk-OYHUSYZI.js[39m  [2m | [22m[2m-[22m                                  [2m | [22m[36m144.70 kB[39m[2m | [22m               [36m42.26 kB[39m
[32mchunk-67XBJ7W7.js[39m  [2m | [22m[2m-[22m                                  [2m | [22m [36m98.78 kB[39m[2m | [22m               [36m25.19 kB[39m
[32mchunk-EFWPLIPL.js[39m  [2m | [22m[2m-[22m                                  [2m | [22m [36m47.90 kB[39m[2m | [22m               [36m12.98 kB[39m
[32mpolyfills.js[39m       [2m | [22m[2mpolyfills[22m                          [2m | [22m [36m34.58 kB[39m[2m | [22m               [36m11.32 kB[39m
[32mmain.js[39m            [2m | [22m[2mmain[22m                               [2m | [22m  [36m2.73 kB[39m[2m | [22m                [36m1.02 kB[39m
[32mstyles.css[39m         [2m | [22m[2mstyles[22m                             [2m | [22m[36m118 bytes[39m[2m | [22m              [36m118 bytes[39m

[1m [22m                  [2m | [22m[1mInitial total[22m                      [2m | [22m[1m328.81 kB[22m[2m | [22m               [1m92.90 kB[22m

[1mLazy chunk files[22m   [2m | [22m[1mNames[22m                              [2m | [22m [1mRaw size[22m[2m | [22m[1mEstimated transfer size[22m
[32mchunk-S5O2DUNH.js[39m  [2m | [22m[2mform-foundation-demo-page-component[22m[2m | [22m[36m119.11 kB[39m[2m | [22m               [36m21.48 kB[39m
[32mchunk-Z5K4ZV5D.js[39m  [2m | [22m[2m-[22m                                  [2m | [22m [36m55.08 kB[39m[2m | [22m               [36m10.28 kB[39m
[32mchunk-SPTWFDWG.js[39m  [2m | [22m[2mrecord-list-page-component[22m         [2m | [22m [36m21.26 kB[39m[2m | [22m                [36m5.04 kB[39m
[32mchunk-EHP2RDKE.js[39m  [2m | [22m[2mrecord-detail-page-component[22m       [2m | [22m  [36m5.89 kB[39m[2m | [22m                [36m1.86 kB[39m
[32mchunk-NYWI5L2O.js[39m  [2m | [22m[2m-[22m                                  [2m | [22m[36m760 bytes[39m[2m | [22m              [36m760 bytes[39m
[32mchunk-LAHPOJCS.js[39m  [2m | [22m[2mdashboard-page-component[22m           [2m | [22m[36m432 bytes[39m[2m | [22m              [36m432 bytes[39m
[32mchunk-SW4NJK3W.js[39m  [2m | [22m[2mrecord-diff-page-component[22m         [2m | [22m[36m430 bytes[39m[2m | [22m              [36m430 bytes[39m

Application bundle generation complete. [0.436 seconds]

[33m>[39m Changes detected. Rebuilding...
[32m√[39m Changes detected. Rebuilding...
[1mInitial chunk files[22m[2m | [22m[1mNames[22m                              [2m | [22m [1mRaw size[22m[2m | [22m[1mEstimated transfer size[22m
[32mmain.js[39m            [2m | [22m[2mmain[22m                               [2m | [22m  [36m2.73 kB[39m[2m | [22m                [36m1.02 kB[39m

[1mLazy chunk files[22m   [2m | [22m[1mNames[22m                              [2m | [22m [1mRaw size[22m[2m | [22m[1mEstimated transfer size[22m
[32mchunk-RE4LL646.js[39m  [2m | [22m[2mform-foundation-demo-page-component[22m[2m | [22m[36m118.81 kB[39m[2m | [22m               [36m21.37 kB[39m

Application bundle generation complete. [1.203 seconds]

Component update sent to client(s).
[33m>[39m Changes detected. Rebuilding...
[32m√[39m Changes detected. Rebuilding...
[1mInitial chunk files[22m[2m | [22m[1mNames[22m                              [2m | [22m [1mRaw size[22m[2m | [22m[1mEstimated transfer size[22m
[32mmain.js[39m            [2m | [22m[2mmain[22m                               [2m | [22m  [36m2.73 kB[39m[2m | [22m                [36m1.02 kB[39m

[1mLazy chunk files[22m   [2m | [22m[1mNames[22m                              [2m | [22m [1mRaw size[22m[2m | [22m[1mEstimated transfer size[22m
[32mchunk-SMWKG5KC.js[39m  [2m | [22m[2mform-foundation-demo-page-component[22m[2m | [22m[36m118.81 kB[39m[2m | [22m               [36m21.39 kB[39m

Application bundle generation complete. [1.494 seconds]

Component update sent to client(s).
[33m>[39m Changes detected. Rebuilding...
[32m√[39m Changes detected. Rebuilding...
[1mInitial chunk files[22m[2m | [22m[1mNames[22m                              [2m | [22m [1mRaw size[22m[2m | [22m[1mEstimated transfer size[22m
[32mmain.js[39m            [2m | [22m[2mmain[22m                               [2m | [22m  [36m2.73 kB[39m[2m | [22m                [36m1.02 kB[39m

[1mLazy chunk files[22m   [2m | [22m[1mNames[22m                              [2m | [22m [1mRaw size[22m[2m | [22m[1mEstimated transfer size[22m
[32mchunk-JABH3NWF.js[39m  [2m | [22m[2mform-foundation-demo-page-component[22m[2m | [22m[36m118.81 kB[39m[2m | [22m               [36m21.39 kB[39m

Application bundle generation complete. [0.964 seconds]

Page reload sent to client(s).
[33m>[39m Changes detected. Rebuilding...
[32m√[39m Changes detected. Rebuilding...
[1mInitial chunk files[22m[2m | [22m[1mNames[22m                              [2m | [22m [1mRaw size[22m[2m | [22m[1mEstimated transfer size[22m
[32mmain.js[39m            [2m | [22m[2mmain[22m                               [2m | [22m  [36m2.73 kB[39m[2m | [22m                [36m1.02 kB[39m

[1mLazy chunk files[22m   [2m | [22m[1mNames[22m                              [2m | [22m [1mRaw size[22m[2m | [22m[1mEstimated transfer size[22m
[32mchunk-EZOYFYIU.js[39m  [2m | [22m[2mform-foundation-demo-page-component[22m[2m | [22m[36m118.80 kB[39m[2m | [22m               [36m21.36 kB[39m

Application bundle generation complete. [1.431 seconds]

Component update sent to client(s).
[33m>[39m Changes detected. Rebuilding...
[32m√[39m Changes detected. Rebuilding...
[1mInitial chunk files[22m[2m | [22m[1mNames[22m                              [2m | [22m [1mRaw size[22m[2m | [22m[1mEstimated transfer size[22m
[32mmain.js[39m            [2m | [22m[2mmain[22m                               [2m | [22m  [36m2.73 kB[39m[2m | [22m                [36m1.03 kB[39m

[1mLazy chunk files[22m   [2m | [22m[1mNames[22m                              [2m | [22m [1mRaw size[22m[2m | [22m[1mEstimated transfer size[22m
[32mchunk-D3ZZBUG6.js[39m  [2m | [22m[2mform-foundation-demo-page-component[22m[2m | [22m[36m118.81 kB[39m[2m | [22m               [36m21.38 kB[39m

Application bundle generation complete. [1.348 seconds]

Component update sent to client(s).
[33m>[39m Changes detected. Rebuilding...
[32m√[39m Changes detected. Rebuilding...
[1mInitial chunk files[22m[2m | [22m[1mNames[22m                              [2m | [22m [1mRaw size[22m[2m | [22m[1mEstimated transfer size[22m
[32mmain.js[39m            [2m | [22m[2mmain[22m                               [2m | [22m  [36m2.73 kB[39m[2m | [22m                [36m1.03 kB[39m

[1mLazy chunk files[22m   [2m | [22m[1mNames[22m                              [2m | [22m [1mRaw size[22m[2m | [22m[1mEstimated transfer size[22m
[32mchunk-623QBZHS.js[39m  [2m | [22m[2mform-foundation-demo-page-component[22m[2m | [22m[36m118.90 kB[39m[2m | [22m               [36m21.37 kB[39m

Application bundle generation complete. [1.221 seconds]

Component update sent to client(s).
[33m>[39m Changes detected. Rebuilding...
[32m√[39m Changes detected. Rebuilding...
[1mInitial chunk files[22m[2m | [22m[1mNames[22m                              [2m | [22m [1mRaw size[22m[2m | [22m[1mEstimated transfer size[22m
[32mmain.js[39m            [2m | [22m[2mmain[22m                               [2m | [22m  [36m2.73 kB[39m[2m | [22m                [36m1.02 kB[39m

[1mLazy chunk files[22m   [2m | [22m[1mNames[22m                              [2m | [22m [1mRaw size[22m[2m | [22m[1mEstimated transfer size[22m
[32mchunk-QBOQGGGC.js[39m  [2m | [22m[2mform-foundation-demo-page-component[22m[2m | [22m[36m118.91 kB[39m[2m | [22m               [36m21.39 kB[39m

Application bundle generation complete. [1.301 seconds]

Component update sent to client(s).
[33m>[39m Changes detected. Rebuilding...
[32m√[39m Changes detected. Rebuilding...
Application bundle generation failed. [0.742 seconds]

[33m>[39m Changes detected. Rebuilding...
[32m√[39m Changes detected. Rebuilding...
Application bundle generation failed. [0.624 seconds]

[33m>[39m Changes detected. Rebuilding...
[32m√[39m Changes detected. Rebuilding...
[1mInitial chunk files[22m[2m | [22m[1mNames[22m                              [2m | [22m [1mRaw size[22m[2m | [22m[1mEstimated transfer size[22m
[32mchunk-OYHUSYZI.js[39m  [2m | [22m[2m-[22m                                  [2m | [22m[36m144.70 kB[39m[2m | [22m               [36m42.26 kB[39m
[32mchunk-67XBJ7W7.js[39m  [2m | [22m[2m-[22m                                  [2m | [22m [36m98.78 kB[39m[2m | [22m               [36m25.19 kB[39m
[32mchunk-EFWPLIPL.js[39m  [2m | [22m[2m-[22m                                  [2m | [22m [36m47.90 kB[39m[2m | [22m               [36m12.98 kB[39m
[32mpolyfills.js[39m       [2m | [22m[2mpolyfills[22m                          [2m | [22m [36m34.58 kB[39m[2m | [22m               [36m11.32 kB[39m
[32mmain.js[39m            [2m | [22m[2mmain[22m                               [2m | [22m  [36m2.73 kB[39m[2m | [22m                [36m1.02 kB[39m
[32mstyles.css[39m         [2m | [22m[2mstyles[22m                             [2m | [22m[36m118 bytes[39m[2m | [22m              [36m118 bytes[39m

[1m [22m                  [2m | [22m[1mInitial total[22m                      [2m | [22m[1m328.81 kB[22m[2m | [22m               [1m92.90 kB[22m

[1mLazy chunk files[22m   [2m | [22m[1mNames[22m                              [2m | [22m [1mRaw size[22m[2m | [22m[1mEstimated transfer size[22m
[32mchunk-OXE5DOPQ.js[39m  [2m | [22m[2mform-foundation-demo-page-component[22m[2m | [22m[36m119.95 kB[39m[2m | [22m               [36m21.58 kB[39m
[32mchunk-Z5K4ZV5D.js[39m  [2m | [22m[2m-[22m                                  [2m | [22m [36m55.08 kB[39m[2m | [22m               [36m10.28 kB[39m
[32mchunk-SPTWFDWG.js[39m  [2m | [22m[2mrecord-list-page-component[22m         [2m | [22m [36m21.26 kB[39m[2m | [22m                [36m5.04 kB[39m
[32mchunk-EHP2RDKE.js[39m  [2m | [22m[2mrecord-detail-page-component[22m       [2m | [22m  [36m5.89 kB[39m[2m | [22m                [36m1.86 kB[39m
[32mchunk-NYWI5L2O.js[39m  [2m | [22m[2m-[22m                                  [2m | [22m[36m760 bytes[39m[2m | [22m              [36m760 bytes[39m
[32mchunk-LAHPOJCS.js[39m  [2m | [22m[2mdashboard-page-component[22m           [2m | [22m[36m432 bytes[39m[2m | [22m              [36m432 bytes[39m
[32mchunk-SW4NJK3W.js[39m  [2m | [22m[2mrecord-diff-page-component[22m         [2m | [22m[36m430 bytes[39m[2m | [22m              [36m430 bytes[39m

Application bundle generation complete. [1.333 seconds]

Page reload sent to client(s).
[33m>[39m Changes detected. Rebuilding...
[32m√[39m Changes detected. Rebuilding...
[1mInitial chunk files[22m[2m | [22m[1mNames[22m                              [2m | [22m [1mRaw size[22m[2m | [22m[1mEstimated transfer size[22m
[32mchunk-OYHUSYZI.js[39m  [2m | [22m[2m-[22m                                  [2m | [22m[36m144.70 kB[39m[2m | [22m               [36m42.26 kB[39m
[32mchunk-67XBJ7W7.js[39m  [2m | [22m[2m-[22m                                  [2m | [22m [36m98.78 kB[39m[2m | [22m               [36m25.19 kB[39m
[32mchunk-EFWPLIPL.js[39m  [2m | [22m[2m-[22m                                  [2m | [22m [36m47.90 kB[39m[2m | [22m               [36m12.98 kB[39m
[32mpolyfills.js[39m       [2m | [22m[2mpolyfills[22m                          [2m | [22m [36m34.58 kB[39m[2m | [22m               [36m11.32 kB[39m
[32mmain.js[39m            [2m | [22m[2mmain[22m                               [2m | [22m  [36m2.73 kB[39m[2m | [22m                [36m1.02 kB[39m
[32mstyles.css[39m         [2m | [22m[2mstyles[22m                             [2m | [22m[36m118 bytes[39m[2m | [22m              [36m118 bytes[39m

[1m [22m                  [2m | [22m[1mInitial total[22m                      [2m | [22m[1m328.81 kB[22m[2m | [22m               [1m92.90 kB[22m

[1mLazy chunk files[22m   [2m | [22m[1mNames[22m                              [2m | [22m [1mRaw size[22m[2m | [22m[1mEstimated transfer size[22m
[32mchunk-OXE5DOPQ.js[39m  [2m | [22m[2mform-foundation-demo-page-component[22m[2m | [22m[36m119.95 kB[39m[2m | [22m               [36m21.58 kB[39m
[32mchunk-Z5K4ZV5D.js[39m  [2m | [22m[2m-[22m                                  [2m | [22m [36m55.08 kB[39m[2m | [22m               [36m10.28 kB[39m
[32mchunk-SPTWFDWG.js[39m  [2m | [22m[2mrecord-list-page-component[22m         [2m | [22m [36m21.26 kB[39m[2m | [22m                [36m5.04 kB[39m
[32mchunk-EHP2RDKE.js[39m  [2m | [22m[2mrecord-detail-page-component[22m       [2m | [22m  [36m5.89 kB[39m[2m | [22m                [36m1.86 kB[39m
[32mchunk-NYWI5L2O.js[39m  [2m | [22m[2m-[22m                                  [2m | [22m[36m760 bytes[39m[2m | [22m              [36m760 bytes[39m
[32mchunk-LAHPOJCS.js[39m  [2m | [22m[2mdashboard-page-component[22m           [2m | [22m[36m432 bytes[39m[2m | [22m              [36m432 bytes[39m
[32mchunk-SW4NJK3W.js[39m  [2m | [22m[2mrecord-diff-page-component[22m         [2m | [22m[36m430 bytes[39m[2m | [22m              [36m430 bytes[39m

Application bundle generation complete. [3.144 seconds]

[33m>[39m Changes detected. Rebuilding...
[32m√[39m Changes detected. Rebuilding...
[1mInitial chunk files[22m[2m | [22m[1mNames[22m                              [2m | [22m [1mRaw size[22m[2m | [22m[1mEstimated transfer size[22m
[32mchunk-OYHUSYZI.js[39m  [2m | [22m[2m-[22m                                  [2m | [22m[36m144.70 kB[39m[2m | [22m               [36m42.26 kB[39m
[32mchunk-67XBJ7W7.js[39m  [2m | [22m[2m-[22m                                  [2m | [22m [36m98.78 kB[39m[2m | [22m               [36m25.19 kB[39m
[32mchunk-EFWPLIPL.js[39m  [2m | [22m[2m-[22m                                  [2m | [22m [36m47.90 kB[39m[2m | [22m               [36m12.98 kB[39m
[32mpolyfills.js[39m       [2m | [22m[2mpolyfills[22m                          [2m | [22m [36m34.58 kB[39m[2m | [22m               [36m11.32 kB[39m
[32mmain.js[39m            [2m | [22m[2mmain[22m                               [2m | [22m  [36m2.73 kB[39m[2m | [22m                [36m1.02 kB[39m
[32mstyles.css[39m         [2m | [22m[2mstyles[22m                             [2m | [22m[36m118 bytes[39m[2m | [22m              [36m118 bytes[39m

[1m [22m                  [2m | [22m[1mInitial total[22m                      [2m | [22m[1m328.81 kB[22m[2m | [22m               [1m92.90 kB[22m

[1mLazy chunk files[22m   [2m | [22m[1mNames[22m                              [2m | [22m [1mRaw size[22m[2m | [22m[1mEstimated transfer size[22m
[32mchunk-OXE5DOPQ.js[39m  [2m | [22m[2mform-foundation-demo-page-component[22m[2m | [22m[36m119.95 kB[39m[2m | [22m               [36m21.58 kB[39m
[32mchunk-Z5K4ZV5D.js[39m  [2m | [22m[2m-[22m                                  [2m | [22m [36m55.08 kB[39m[2m | [22m               [36m10.28 kB[39m
[32mchunk-SPTWFDWG.js[39m  [2m | [22m[2mrecord-list-page-component[22m         [2m | [22m [36m21.26 kB[39m[2m | [22m                [36m5.04 kB[39m
[32mchunk-EHP2RDKE.js[39m  [2m | [22m[2mrecord-detail-page-component[22m       [2m | [22m  [36m5.89 kB[39m[2m | [22m                [36m1.86 kB[39m
[32mchunk-NYWI5L2O.js[39m  [2m | [22m[2m-[22m                                  [2m | [22m[36m760 bytes[39m[2m | [22m              [36m760 bytes[39m
[32mchunk-LAHPOJCS.js[39m  [2m | [22m[2mdashboard-page-component[22m           [2m | [22m[36m432 bytes[39m[2m | [22m              [36m432 bytes[39m
[32mchunk-SW4NJK3W.js[39m  [2m | [22m[2mrecord-diff-page-component[22m         [2m | [22m[36m430 bytes[39m[2m | [22m              [36m430 bytes[39m

Application bundle generation complete. [2.103 seconds]

Component update sent to client(s).
[33m>[39m Changes detected. Rebuilding...
[32m√[39m Changes detected. Rebuilding...
[1mInitial chunk files[22m[2m | [22m[1mNames[22m                              [2m | [22m [1mRaw size[22m[2m | [22m[1mEstimated transfer size[22m
[32mmain.js[39m            [2m | [22m[2mmain[22m                               [2m | [22m  [36m2.73 kB[39m[2m | [22m                [36m1.02 kB[39m

[1mLazy chunk files[22m   [2m | [22m[1mNames[22m                              [2m | [22m [1mRaw size[22m[2m | [22m[1mEstimated transfer size[22m
[32mchunk-CLJB4LGD.js[39m  [2m | [22m[2mform-foundation-demo-page-component[22m[2m | [22m[36m119.91 kB[39m[2m | [22m               [36m21.56 kB[39m

Application bundle generation complete. [1.151 seconds]

Component update sent to client(s).
[33m>[39m Changes detected. Rebuilding...
[32m√[39m Changes detected. Rebuilding...
[1mInitial chunk files[22m[2m | [22m[1mNames[22m                              [2m | [22m [1mRaw size[22m[2m | [22m[1mEstimated transfer size[22m
[32mchunk-OYHUSYZI.js[39m  [2m | [22m[2m-[22m                                  [2m | [22m[36m144.70 kB[39m[2m | [22m               [36m42.26 kB[39m
[32mchunk-67XBJ7W7.js[39m  [2m | [22m[2m-[22m                                  [2m | [22m [36m98.78 kB[39m[2m | [22m               [36m25.19 kB[39m
[32mchunk-EFWPLIPL.js[39m  [2m | [22m[2m-[22m                                  [2m | [22m [36m47.90 kB[39m[2m | [22m               [36m12.98 kB[39m
[32mpolyfills.js[39m       [2m | [22m[2mpolyfills[22m                          [2m | [22m [36m34.58 kB[39m[2m | [22m               [36m11.32 kB[39m
[32mmain.js[39m            [2m | [22m[2mmain[22m                               [2m | [22m  [36m2.73 kB[39m[2m | [22m                [36m1.02 kB[39m
[32mstyles.css[39m         [2m | [22m[2mstyles[22m                             [2m | [22m[36m118 bytes[39m[2m | [22m              [36m118 bytes[39m

[1m [22m                  [2m | [22m[1mInitial total[22m                      [2m | [22m[1m328.81 kB[22m[2m | [22m               [1m92.90 kB[22m

[1mLazy chunk files[22m   [2m | [22m[1mNames[22m                              [2m | [22m [1mRaw size[22m[2m | [22m[1mEstimated transfer size[22m
[32mchunk-CLJB4LGD.js[39m  [2m | [22m[2mform-foundation-demo-page-component[22m[2m | [22m[36m119.91 kB[39m[2m | [22m               [36m21.56 kB[39m
[32mchunk-Z5K4ZV5D.js[39m  [2m | [22m[2m-[22m                                  [2m | [22m [36m55.08 kB[39m[2m | [22m               [36m10.28 kB[39m
[32mchunk-SPTWFDWG.js[39m  [2m | [22m[2mrecord-list-page-component[22m         [2m | [22m [36m21.26 kB[39m[2m | [22m                [36m5.04 kB[39m
[32mchunk-EHP2RDKE.js[39m  [2m | [22m[2mrecord-detail-page-component[22m       [2m | [22m  [36m5.89 kB[39m[2m | [22m                [36m1.86 kB[39m
[32mchunk-NYWI5L2O.js[39m  [2m | [22m[2m-[22m                                  [2m | [22m[36m760 bytes[39m[2m | [22m              [36m760 bytes[39m
[32mchunk-LAHPOJCS.js[39m  [2m | [22m[2mdashboard-page-component[22m           [2m | [22m[36m432 bytes[39m[2m | [22m              [36m432 bytes[39m
[32mchunk-SW4NJK3W.js[39m  [2m | [22m[2mrecord-diff-page-component[22m         [2m | [22m[36m430 bytes[39m[2m | [22m              [36m430 bytes[39m

Application bundle generation complete. [3.025 seconds]

Component update sent to client(s).
[33m>[39m Changes detected. Rebuilding...
[32m√[39m Changes detected. Rebuilding...
[1mInitial chunk files[22m[2m | [22m[1mNames[22m                              [2m | [22m [1mRaw size[22m[2m | [22m[1mEstimated transfer size[22m
[32mmain.js[39m            [2m | [22m[2mmain[22m                               [2m | [22m  [36m2.73 kB[39m[2m | [22m                [36m1.02 kB[39m

[1mLazy chunk files[22m   [2m | [22m[1mNames[22m                              [2m | [22m [1mRaw size[22m[2m | [22m[1mEstimated transfer size[22m
[32mchunk-CGGVQRQH.js[39m  [2m | [22m[2mform-foundation-demo-page-component[22m[2m | [22m[36m119.56 kB[39m[2m | [22m               [36m21.47 kB[39m

Application bundle generation complete. [0.888 seconds]

Page reload sent to client(s).
[33m>[39m Changes detected. Rebuilding...
[32m√[39m Changes detected. Rebuilding...
[1mInitial chunk files[22m[2m | [22m[1mNames[22m                              [2m | [22m [1mRaw size[22m[2m | [22m[1mEstimated transfer size[22m
[32mmain.js[39m            [2m | [22m[2mmain[22m                               [2m | [22m  [36m2.73 kB[39m[2m | [22m                [36m1.02 kB[39m

[1mLazy chunk files[22m   [2m | [22m[1mNames[22m                              [2m | [22m [1mRaw size[22m[2m | [22m[1mEstimated transfer size[22m
[32mchunk-YQTC2JFS.js[39m  [2m | [22m[2mform-foundation-demo-page-component[22m[2m | [22m[36m119.56 kB[39m[2m | [22m               [36m21.50 kB[39m

Application bundle generation complete. [0.906 seconds]

Page reload sent to client(s).
[33m>[39m Changes detected. Rebuilding...
[32m√[39m Changes detected. Rebuilding...
[1mInitial chunk files[22m[2m | [22m[1mNames[22m                              [2m | [22m [1mRaw size[22m[2m | [22m[1mEstimated transfer size[22m
[32mmain.js[39m            [2m | [22m[2mmain[22m                               [2m | [22m  [36m2.73 kB[39m[2m | [22m                [36m1.02 kB[39m

[1mLazy chunk files[22m   [2m | [22m[1mNames[22m                              [2m | [22m [1mRaw size[22m[2m | [22m[1mEstimated transfer size[22m
[32mchunk-2RYHYJQQ.js[39m  [2m | [22m[2mform-foundation-demo-page-component[22m[2m | [22m[36m119.55 kB[39m[2m | [22m               [36m21.43 kB[39m

Application bundle generation complete. [0.848 seconds]

Page reload sent to client(s).
[33m>[39m Changes detected. Rebuilding...
[32m√[39m Changes detected. Rebuilding...
[1mInitial chunk files[22m[2m | [22m[1mNames[22m                              [2m | [22m [1mRaw size[22m[2m | [22m[1mEstimated transfer size[22m
[32mmain.js[39m            [2m | [22m[2mmain[22m                               [2m | [22m  [36m2.73 kB[39m[2m | [22m                [36m1.02 kB[39m

[1mLazy chunk files[22m   [2m | [22m[1mNames[22m                              [2m | [22m [1mRaw size[22m[2m | [22m[1mEstimated transfer size[22m
[32mchunk-YQTC2JFS.js[39m  [2m | [22m[2mform-foundation-demo-page-component[22m[2m | [22m[36m119.56 kB[39m[2m | [22m               [36m21.50 kB[39m

Application bundle generation complete. [0.752 seconds]

Page reload sent to client(s).
[33m>[39m Changes detected. Rebuilding...
[32m√[39m Changes detected. Rebuilding...
[1mInitial chunk files[22m[2m | [22m[1mNames[22m                              [2m | [22m [1mRaw size[22m[2m | [22m[1mEstimated transfer size[22m
[32mchunk-OYHUSYZI.js[39m  [2m | [22m[2m-[22m                                  [2m | [22m[36m144.70 kB[39m[2m | [22m               [36m42.26 kB[39m
[32mchunk-67XBJ7W7.js[39m  [2m | [22m[2m-[22m                                  [2m | [22m [36m98.78 kB[39m[2m | [22m               [36m25.19 kB[39m
[32mchunk-EFWPLIPL.js[39m  [2m | [22m[2m-[22m                                  [2m | [22m [36m47.90 kB[39m[2m | [22m               [36m12.98 kB[39m
[32mpolyfills.js[39m       [2m | [22m[2mpolyfills[22m                          [2m | [22m [36m34.58 kB[39m[2m | [22m               [36m11.32 kB[39m
[32mmain.js[39m            [2m | [22m[2mmain[22m                               [2m | [22m  [36m2.73 kB[39m[2m | [22m                [36m1.02 kB[39m
[32mstyles.css[39m         [2m | [22m[2mstyles[22m                             [2m | [22m[36m118 bytes[39m[2m | [22m              [36m118 bytes[39m

[1m [22m                  [2m | [22m[1mInitial total[22m                      [2m | [22m[1m328.81 kB[22m[2m | [22m               [1m92.90 kB[22m

[1mLazy chunk files[22m   [2m | [22m[1mNames[22m                              [2m | [22m [1mRaw size[22m[2m | [22m[1mEstimated transfer size[22m
[32mchunk-YQTC2JFS.js[39m  [2m | [22m[2mform-foundation-demo-page-component[22m[2m | [22m[36m119.56 kB[39m[2m | [22m               [36m21.50 kB[39m
[32mchunk-Z5K4ZV5D.js[39m  [2m | [22m[2m-[22m                                  [2m | [22m [36m55.08 kB[39m[2m | [22m               [36m10.28 kB[39m
[32mchunk-SPTWFDWG.js[39m  [2m | [22m[2mrecord-list-page-component[22m         [2m | [22m [36m21.26 kB[39m[2m | [22m                [36m5.04 kB[39m
[32mchunk-EHP2RDKE.js[39m  [2m | [22m[2mrecord-detail-page-component[22m       [2m | [22m  [36m5.89 kB[39m[2m | [22m                [36m1.86 kB[39m
[32mchunk-NYWI5L2O.js[39m  [2m | [22m[2m-[22m                                  [2m | [22m[36m760 bytes[39m[2m | [22m              [36m760 bytes[39m
[32mchunk-LAHPOJCS.js[39m  [2m | [22m[2mdashboard-page-component[22m           [2m | [22m[36m432 bytes[39m[2m | [22m              [36m432 bytes[39m
[32mchunk-SW4NJK3W.js[39m  [2m | [22m[2mrecord-diff-page-component[22m         [2m | [22m[36m430 bytes[39m[2m | [22m              [36m430 bytes[39m

Application bundle generation complete. [0.849 seconds]

[33m>[39m Changes detected. Rebuilding...
[32m√[39m Changes detected. Rebuilding...
[1mInitial chunk files[22m[2m | [22m[1mNames[22m                              [2m | [22m [1mRaw size[22m[2m | [22m[1mEstimated transfer size[22m
[32mmain.js[39m            [2m | [22m[2mmain[22m                               [2m | [22m  [36m2.73 kB[39m[2m | [22m                [36m1.02 kB[39m

[1mLazy chunk files[22m   [2m | [22m[1mNames[22m                              [2m | [22m [1mRaw size[22m[2m | [22m[1mEstimated transfer size[22m
[32mchunk-GMFJRJKQ.js[39m  [2m | [22m[2mform-foundation-demo-page-component[22m[2m | [22m[36m119.67 kB[39m[2m | [22m               [36m21.47 kB[39m

Application bundle generation complete. [1.138 seconds]

Component update sent to client(s).
[33m>[39m Changes detected. Rebuilding...
[32m√[39m Changes detected. Rebuilding...
[1mInitial chunk files[22m[2m | [22m[1mNames[22m                              [2m | [22m [1mRaw size[22m[2m | [22m[1mEstimated transfer size[22m
[32mmain.js[39m            [2m | [22m[2mmain[22m                               [2m | [22m  [36m2.73 kB[39m[2m | [22m                [36m1.02 kB[39m

[1mLazy chunk files[22m   [2m | [22m[1mNames[22m                              [2m | [22m [1mRaw size[22m[2m | [22m[1mEstimated transfer size[22m
[32mchunk-P2NCKYXJ.js[39m  [2m | [22m[2mform-foundation-demo-page-component[22m[2m | [22m[36m120.45 kB[39m[2m | [22m               [36m21.56 kB[39m

Application bundle generation complete. [1.348 seconds]

Component update sent to client(s).
[33m>[39m Changes detected. Rebuilding...
[32m√[39m Changes detected. Rebuilding...
[1mInitial chunk files[22m[2m | [22m[1mNames[22m                              [2m | [22m [1mRaw size[22m[2m | [22m[1mEstimated transfer size[22m
[32mmain.js[39m            [2m | [22m[2mmain[22m                               [2m | [22m  [36m2.73 kB[39m[2m | [22m                [36m1.02 kB[39m

[1mLazy chunk files[22m   [2m | [22m[1mNames[22m                              [2m | [22m [1mRaw size[22m[2m | [22m[1mEstimated transfer size[22m
[32mchunk-SGFHNL55.js[39m  [2m | [22m[2mform-foundation-demo-page-component[22m[2m | [22m[36m120.67 kB[39m[2m | [22m               [36m21.54 kB[39m

Application bundle generation complete. [1.138 seconds]

Component update sent to client(s).
[33m>[39m Changes detected. Rebuilding...
[32m√[39m Changes detected. Rebuilding...
[1mInitial chunk files[22m[2m | [22m[1mNames[22m                              [2m | [22m [1mRaw size[22m[2m | [22m[1mEstimated transfer size[22m
[32mmain.js[39m            [2m | [22m[2mmain[22m                               [2m | [22m  [36m2.73 kB[39m[2m | [22m                [36m1.02 kB[39m

[1mLazy chunk files[22m   [2m | [22m[1mNames[22m                              [2m | [22m [1mRaw size[22m[2m | [22m[1mEstimated transfer size[22m
[32mchunk-SZD4QZ6G.js[39m  [2m | [22m[2mform-foundation-demo-page-component[22m[2m | [22m[36m120.69 kB[39m[2m | [22m               [36m21.55 kB[39m

Application bundle generation complete. [1.249 seconds]

Page reload sent to client(s).
[33m>[39m Changes detected. Rebuilding...
[32m√[39m Changes detected. Rebuilding...
[1mInitial chunk files[22m[2m | [22m[1mNames[22m                              [2m | [22m [1mRaw size[22m[2m | [22m[1mEstimated transfer size[22m
[32mmain.js[39m            [2m | [22m[2mmain[22m                               [2m | [22m  [36m2.73 kB[39m[2m | [22m                [36m1.02 kB[39m

[1mLazy chunk files[22m   [2m | [22m[1mNames[22m                              [2m | [22m [1mRaw size[22m[2m | [22m[1mEstimated transfer size[22m
[32mchunk-6OTVMATZ.js[39m  [2m | [22m[2mform-foundation-demo-page-component[22m[2m | [22m[36m120.69 kB[39m[2m | [22m               [36m21.57 kB[39m

Application bundle generation complete. [0.844 seconds]

Page reload sent to client(s).
